---
source: tests/build_scripts/embedded_assets.rs
expression: templates_file_content
snapshot_kind: text
---
#[must_use]
pub fn get_embedded_templates() -> indexmap::IndexMap<String, &'static str> {
    // No templates found
    indexmap::IndexMap::new()
}
